// Jest Snapshot v1, https://goo.gl/fbAQLP

exports[`render App component 1`] = `
<DocumentFragment>
  <div
    class="App"
  >
    <div>
      <label
        class="sc-gsnTZi gcXMGB"
      >
        <label
          class="form__header form-label"
        >
          Picture Application
        </label>
      </label>
      <div
        class="sc-dkzDqf dklMiL"
      >
        <div
          class="ReactTags__tags react-tags-wrapper"
        >
          <p
            class="sr-only"
            role="alert"
            style="position: absolute; overflow: hidden; margin: -1px; padding: 0px; width: 1px; height: 1px; border: 0px;"
          />
          <div
            class="ReactTags__tagInput"
          >
            <input
              aria-label="Press enter to add new tag"
              class="ReactTags__tagInputField"
              data-automation="input"
              data-testid="input"
              placeholder="Press enter to add new tag"
              type="text"
              value=""
            />
          </div>
          <div
            class="ReactTags__selected"
          />
        </div>
      </div>
      <div
        class="container-fluid"
      >
        <div
          class="row"
        />
      </div>
    </div>
  </div>
</DocumentFragment>
`;
