// Jest Snapshot v1, https://goo.gl/fbAQLP

exports[`Should render App component 1`] = `
<DocumentFragment>
  <div
    class="App"
  >
    <div>
      <div
        class="MuiBox-root css-i9gxme"
      >
        <header
          class="MuiPaper-root MuiPaper-elevation MuiPaper-elevation4 MuiAppBar-root MuiAppBar-colorPrimary MuiAppBar-positionStatic css-hip9hq-MuiPaper-root-MuiAppBar-root"
        >
          <div
            class="MuiToolbar-root MuiToolbar-gutters MuiToolbar-regular css-hyum1k-MuiToolbar-root"
          >
            <div
              class="MuiTypography-root MuiTypography-h5 css-98sd7c-MuiTypography-root"
            >
              <svg
                aria-hidden="true"
                class="MuiSvgIcon-root MuiSvgIcon-fontSizeMedium css-i4bv87-MuiSvgIcon-root"
                data-testid="CameraAltIcon"
                focusable="false"
                viewBox="0 0 24 24"
              >
                <circle
                  cx="12"
                  cy="12"
                  r="3.2"
                />
                <path
                  d="M9 2 7.17 4H4c-1.1 0-2 .9-2 2v12c0 1.1.9 2 2 2h16c1.1 0 2-.9 2-2V6c0-1.1-.9-2-2-2h-3.17L15 2H9zm3 15c-2.76 0-5-2.24-5-5s2.24-5 5-5 5 2.24 5 5-2.24 5-5 5z"
                />
              </svg>
              Picture Application
            </div>
          </div>
        </header>
      </div>
      <div
        class="sc-dkzDqf dklMiL"
      >
        <div
          class="ReactTags__tags react-tags-wrapper"
        >
          <p
            class="sr-only"
            role="alert"
            style="position: absolute; overflow: hidden; margin: -1px; padding: 0px; width: 1px; height: 1px; border: 0px;"
          />
          <div
            class="ReactTags__tagInput"
          >
            <input
              aria-label="Press enter to add new tag"
              class="ReactTags__tagInputField"
              data-automation="input"
              data-testid="input"
              placeholder="Press enter to add new tag"
              type="text"
              value=""
            />
          </div>
          <div
            class="ReactTags__selected"
          />
        </div>
      </div>
      <ul
        class="MuiImageList-root MuiImageList-standard css-8z7n5c-MuiImageList-root"
        style="grid-template-columns: repeat(6, 1fr); gap: 15px;"
      />
      <div
        class="sc-hKMtZM gECLSV"
      >
        <button
          class="MuiButtonBase-root MuiButton-root MuiButton-outlined MuiButton-outlinedInfo MuiButton-sizeLarge MuiButton-outlinedSizeLarge Mui-disabled MuiButton-root MuiButton-outlined MuiButton-outlinedInfo MuiButton-sizeLarge MuiButton-outlinedSizeLarge css-mq3tes-MuiButtonBase-root-MuiButton-root"
          disabled=""
          tabindex="-1"
          type="button"
        >
          Load more
        </button>
      </div>
    </div>
  </div>
</DocumentFragment>
`;
