// Jest Snapshot v1, https://goo.gl/fbAQLP

exports[`<SinglePicture> Should render component 1`] = `
<Modal
  animation={true}
  aria-labelledby="contained-modal-title-vcenter"
  autoFocus={true}
  backdrop={true}
  centred={true}
  dialogAs={
    Object {
      "$$typeof": Symbol(react.forward_ref),
      "render": [Function],
    }
  }
  enforceFocus={true}
  fullscreen={true}
  keyboard={true}
  onHide={[Function]}
  restoreFocus={true}
  show={true}
  size="lg"
>
  <ModalHeader
    closeButton={true}
    closeLabel="Close"
  >
    <ModalTitle
      id="contained-modal-title-vcenter"
    >
      Image Preview
    </ModalTitle>
    <br />
  </ModalHeader>
  <ModalBody
    style={
      Object {
        "alignItems": "center",
        "display": "flex",
        "justifyContent": "center",
      }
    }
  >
    <Image
      className="modal__image"
      fluid={true}
      rounded={false}
      roundedCircle={false}
      src="/image.png"
      thumbnail={false}
    />
  </ModalBody>
</Modal>
`;
