// Jest Snapshot v1, https://goo.gl/fbAQLP

exports[`<SinglePicture> Should render component 1`] = `
<DocumentFragment>
  <div
    class="sc-gsnTZi dztBFZ col"
  >
    <div
      class="picture card border-dark"
      style="cursor: pointer; max-width: 200px;"
    >
      <div
        class="card-body"
        style="text-align: center; min-height: 180px; display: flex; justify-content: center; align-items: center;"
      >
        <img
          alt="picture__image"
          class="card-img picture__image"
          src="/image.png"
          style="max-width: 100%; width: auto; height: 100%;"
        />
      </div>
    </div>
  </div>
</DocumentFragment>
`;
